Component: ARM Compiler 5.06 update 6 (build 750) Tool: armlink [4d35ed]

==============================================================================

Section Cross References

    blinky.o(.text) refers to cmsis_os2.o(.text) for osThreadFlagsSet
    blinky.o(.text) refers to system_armcm3.o(.text) for SystemCoreClockUpdate
    blinky.o(.text) refers to eventrecorder.o(.text) for EventRecorderInitialize
    blinky.o(.text) refers to blinky.o(.data) for tid_clock
    blinky.o(.text) refers to blinky.o(.bss) for g_phases
    cmsis_os2.o(.text) refers to port.o(.text) for xPortSysTickHandler
    cmsis_os2.o(.text) refers to memcpya.o(.text) for __aeabi_memcpy
    cmsis_os2.o(.text) refers to tasks.o(.text) for xTaskGetSchedulerState
    cmsis_os2.o(.text) refers to os_systick.o(.text) for OS_Tick_GetCount
    cmsis_os2.o(.text) refers to cmsis_os2.o(.data) for KernelState
    cmsis_os2.o(.text) refers to system_armcm3.o(.data) for SystemCoreClock
    cmsis_os2.o(.text) refers to heap_4.o(.text) for pvPortMalloc
    cmsis_os2.o(.text) refers to timers.o(.text) for pvTimerGetTimerID
    cmsis_os2.o(.text) refers to event_groups.o(.text) for xEventGroupCreateStatic
    cmsis_os2.o(.text) refers to queue.o(.text) for xQueueCreateMutexStatic
    cmsis_os2.o(.text) refers to cmsis_os2.o(.bss) for Idle_TCB
    os_systick.o(.text) refers to system_armcm3.o(.data) for SystemCoreClock
    os_systick.o(.text) refers to os_systick.o(.data) for PendST
    eventrecorder.o(.text) refers to memseta.o(.text) for __aeabi_memclr4
    eventrecorder.o(.text) refers to memcpya.o(.text) for __aeabi_memcpy
    eventrecorder.o(.text) refers to eventrecorder.o(.bss.noinit) for EventStatus
    eventrecorder.o(.text) refers to system_armcm3.o(.data) for SystemCoreClock
    eventrecorder.o(.text) refers to eventrecorder.o(.constdata) for EventRecorderInfo
    eventrecorder.o(.constdata) refers to eventrecorder.o(.bss.noinit) for EventBuffer
    startup_armcm3.o(RESET) refers to startup_armcm3.o(STACK) for __initial_sp
    startup_armcm3.o(RESET) refers to startup_armcm3.o(.text) for Reset_Handler
    startup_armcm3.o(RESET) refers to port.o(.emb_text) for SVC_Handler
    startup_armcm3.o(RESET) refers to cmsis_os2.o(.text) for SysTick_Handler
    startup_armcm3.o(.text) refers to system_armcm3.o(.text) for SystemInit
    startup_armcm3.o(.text) refers to entry.o(.ARM.Collect$$$$00000000) for __main
    system_armcm3.o(.text) refers to system_armcm3.o(.data) for SystemCoreClock
    system_armcm3.o(.text) refers to startup_armcm3.o(RESET) for __Vectors
    freertos_evr.o(.text) refers to eventrecorder.o(.text) for EventRecord2
    event_groups.o(.text) refers to list.o(.text) for vListInitialise
    event_groups.o(.text) refers to freertos_evr.o(.text) for EvrFreeRTOSEventGroups_EventGroupCreate
    event_groups.o(.text) refers to heap_4.o(.text) for pvPortMalloc
    event_groups.o(.text) refers to tasks.o(.text) for vTaskSuspendAll
    event_groups.o(.text) refers to port.o(.text) for vPortEnterCritical
    event_groups.o(.text) refers to timers.o(.text) for xTimerPendFunctionCallFromISR
    heap_4.o(.text) refers to tasks.o(.text) for vTaskSuspendAll
    heap_4.o(.text) refers to freertos_evr.o(.text) for EvrFreeRTOSHeap_Malloc
    heap_4.o(.text) refers to heap_4.o(.data) for xStart
    heap_4.o(.text) refers to heap_4.o(.bss) for ucHeap
    port.o(.emb_text) refers to tasks.o(.text) for vTaskSwitchContext
    port.o(.emb_text) refers to tasks.o(.data) for pxCurrentTCB
    port.o(.text) refers to port.o(.emb_text) for __asm___6_port_c_39a90d8d__prvStartFirstTask
    port.o(.text) refers to tasks.o(.text) for xTaskIncrementTick
    port.o(.text) refers to system_armcm3.o(.data) for SystemCoreClock
    port.o(.text) refers to port.o(.data) for uxCriticalNesting
    queue.o(.text) refers to port.o(.text) for vPortEnterCritical
    queue.o(.text) refers to tasks.o(.text) for xTaskRemoveFromEventList
    queue.o(.text) refers to list.o(.text) for vListInitialise
    queue.o(.text) refers to freertos_evr.o(.text) for EvrFreeRTOSQueue_QueueCreate
    queue.o(.text) refers to heap_4.o(.text) for pvPortMalloc
    queue.o(.text) refers to memcpya.o(.text) for __aeabi_memcpy
    tasks.o(.text) refers to list.o(.text) for vListInitialise
    tasks.o(.text) refers to port.o(.text) for vPortEnterCritical
    tasks.o(.text) refers to freertos_evr.o(.text) for EvrFreeRTOSTasks_TaskCreate
    tasks.o(.text) refers to memseta.o(.text) for __aeabi_memset
    tasks.o(.text) refers to heap_4.o(.text) for pvPortMalloc
    tasks.o(.text) refers to tasks.o(.bss) for pxReadyTasksLists
    tasks.o(.text) refers to tasks.o(.data) for pxDelayedTaskList
    tasks.o(.text) refers to cmsis_os2.o(.text) for vApplicationStackOverflowHook
    tasks.o(.text) refers to timers.o(.text) for xTimerCreateTimerTask
    timers.o(.text) refers to list.o(.text) for vListInsert
    timers.o(.text) refers to tasks.o(.text) for xTaskGetSchedulerState
    timers.o(.text) refers to queue.o(.text) for xQueueGenericSend
    timers.o(.text) refers to freertos_evr.o(.text) for EvrFreeRTOSTimers_TimerCommandSend
    timers.o(.text) refers to heap_4.o(.text) for vPortFree
    timers.o(.text) refers to port.o(.text) for vPortEnterCritical
    timers.o(.text) refers to cmsis_os2.o(.text) for vApplicationGetTimerTaskMemory
    timers.o(.text) refers to timers.o(.data) for pxOverflowTimerList
    timers.o(.text) refers to timers.o(.bss) for xActiveTimerList1
    entry.o(.ARM.Collect$$$$00000000) refers (Special) to entry10a.o(.ARM.Collect$$$$0000000D) for __rt_final_cpp
    entry.o(.ARM.Collect$$$$00000000) refers (Special) to entry11a.o(.ARM.Collect$$$$0000000F) for __rt_final_exit
    entry.o(.ARM.Collect$$$$00000000) refers (Special) to entry7b.o(.ARM.Collect$$$$00000008) for _main_clock
    entry.o(.ARM.Collect$$$$00000000) refers (Special) to entry8b.o(.ARM.Collect$$$$0000000A) for _main_cpp_init
    entry.o(.ARM.Collect$$$$00000000) refers (Special) to entry9a.o(.ARM.Collect$$$$0000000B) for _main_init
    entry.o(.ARM.Collect$$$$00000000) refers (Special) to entry5.o(.ARM.Collect$$$$00000004) for _main_scatterload
    entry.o(.ARM.Collect$$$$00000000) refers (Special) to entry2.o(.ARM.Collect$$$$00000001) for _main_stk
    entry2.o(.ARM.Collect$$$$00000001) refers to entry2.o(.ARM.Collect$$$$00002712) for __lit__00000000
    entry2.o(.ARM.Collect$$$$00002712) refers to startup_armcm3.o(STACK) for __initial_sp
    entry2.o(__vectab_stack_and_reset_area) refers to startup_armcm3.o(STACK) for __initial_sp
    entry2.o(__vectab_stack_and_reset_area) refers to entry.o(.ARM.Collect$$$$00000000) for __main
    entry5.o(.ARM.Collect$$$$00000004) refers to init.o(.text) for __scatterload
    entry9a.o(.ARM.Collect$$$$0000000B) refers to blinky.o(.text) for main
    entry9b.o(.ARM.Collect$$$$0000000C) refers to blinky.o(.text) for main
    init.o(.text) refers to entry5.o(.ARM.Collect$$$$00000004) for __main_after_scatterload


==============================================================================

Removing Unused input sections from the image.

    Removing blinky.o(.rev16_text), (4 bytes).
    Removing blinky.o(.revsh_text), (4 bytes).
    Removing blinky.o(.rrx_text), (6 bytes).
    Removing clib_arm.o(.rev16_text), (4 bytes).
    Removing clib_arm.o(.revsh_text), (4 bytes).
    Removing clib_arm.o(.rrx_text), (6 bytes).
    Removing cmsis_os2.o(.rev16_text), (4 bytes).
    Removing cmsis_os2.o(.revsh_text), (4 bytes).
    Removing cmsis_os2.o(.rrx_text), (6 bytes).
    Removing os_systick.o(.rev16_text), (4 bytes).
    Removing os_systick.o(.revsh_text), (4 bytes).
    Removing os_systick.o(.rrx_text), (6 bytes).
    Removing eventrecorder.o(.rev16_text), (4 bytes).
    Removing eventrecorder.o(.revsh_text), (4 bytes).
    Removing eventrecorder.o(.rrx_text), (6 bytes).
    Removing startup_armcm3.o(HEAP), (3072 bytes).
    Removing system_armcm3.o(.rev16_text), (4 bytes).
    Removing system_armcm3.o(.revsh_text), (4 bytes).
    Removing system_armcm3.o(.rrx_text), (6 bytes).
    Removing freertos_evr.o(.rev16_text), (4 bytes).
    Removing freertos_evr.o(.revsh_text), (4 bytes).
    Removing freertos_evr.o(.rrx_text), (6 bytes).
    Removing event_groups.o(.rev16_text), (4 bytes).
    Removing event_groups.o(.revsh_text), (4 bytes).
    Removing event_groups.o(.rrx_text), (6 bytes).
    Removing list.o(.rev16_text), (4 bytes).
    Removing list.o(.revsh_text), (4 bytes).
    Removing list.o(.rrx_text), (6 bytes).
    Removing heap_4.o(.rev16_text), (4 bytes).
    Removing heap_4.o(.revsh_text), (4 bytes).
    Removing heap_4.o(.rrx_text), (6 bytes).
    Removing port.o(.rev16_text), (4 bytes).
    Removing port.o(.revsh_text), (4 bytes).
    Removing port.o(.rrx_text), (6 bytes).
    Removing queue.o(.rev16_text), (4 bytes).
    Removing queue.o(.revsh_text), (4 bytes).
    Removing queue.o(.rrx_text), (6 bytes).
    Removing tasks.o(.rev16_text), (4 bytes).
    Removing tasks.o(.revsh_text), (4 bytes).
    Removing tasks.o(.rrx_text), (6 bytes).
    Removing timers.o(.rev16_text), (4 bytes).
    Removing timers.o(.revsh_text), (4 bytes).
    Removing timers.o(.rrx_text), (6 bytes).

43 unused section(s) (total 3268 bytes) removed from the image.

==============================================================================

Image Symbol Table

    Local Symbols

    Symbol Name                              Value     Ov Type        Size  Object(Section)

    RESET                                    0x00000000   Section      192  startup_armcm3.o(RESET)
    ../clib/microlib/init/entry.s            0x00000000   Number         0  entry.o ABSOLUTE
    ../clib/microlib/init/entry.s            0x00000000   Number         0  entry11a.o ABSOLUTE
    ../clib/microlib/init/entry.s            0x00000000   Number         0  entry10b.o ABSOLUTE
    ../clib/microlib/init/entry.s            0x00000000   Number         0  entry10a.o ABSOLUTE
    ../clib/microlib/init/entry.s            0x00000000   Number         0  entry9b.o ABSOLUTE
    ../clib/microlib/init/entry.s            0x00000000   Number         0  entry9a.o ABSOLUTE
    ../clib/microlib/init/entry.s            0x00000000   Number         0  entry8b.o ABSOLUTE
    ../clib/microlib/init/entry.s            0x00000000   Number         0  entry8a.o ABSOLUTE
    ../clib/microlib/init/entry.s            0x00000000   Number         0  entry7b.o ABSOLUTE
    ../clib/microlib/init/entry.s            0x00000000   Number         0  entry7a.o ABSOLUTE
    ../clib/microlib/init/entry.s            0x00000000   Number         0  entry5.o ABSOLUTE
    ../clib/microlib/init/entry.s            0x00000000   Number         0  entry2.o ABSOLUTE
    ../clib/microlib/init/entry.s            0x00000000   Number         0  entry11b.o ABSOLUTE
    ../clib/microlib/string/memcpy.c         0x00000000   Number         0  memcpyb.o ABSOLUTE
    ../clib/microlib/string/memcpy.c         0x00000000   Number         0  memcpya.o ABSOLUTE
    ../clib/microlib/string/memset.c         0x00000000   Number         0  memseta.o ABSOLUTE
    Blinky.c                                 0x00000000   Number         0  blinky.o ABSOLUTE
    Blinky.c                                 0x00000000   Number         0  blinky.o ABSOLUTE
    C:\IDE\keil\ARM\PACK\ARM\CMSIS-FreeRTOS\10.0.1\CMSIS\RTOS2\FreeRTOS\Source\ARM\clib_arm.c 0x00000000   Number         0  clib_arm.o ABSOLUTE
    C:\IDE\keil\ARM\PACK\ARM\CMSIS-FreeRTOS\10.0.1\CMSIS\RTOS2\FreeRTOS\Source\cmsis_os2.c 0x00000000   Number         0  cmsis_os2.o ABSOLUTE
    C:\IDE\keil\ARM\PACK\ARM\CMSIS-FreeRTOS\10.0.1\CMSIS\RTOS2\FreeRTOS\Source\freertos_evr.c 0x00000000   Number         0  freertos_evr.o ABSOLUTE
    C:\IDE\keil\ARM\PACK\ARM\CMSIS-FreeRTOS\10.0.1\CMSIS\RTOS2\FreeRTOS\Source\os_systick.c 0x00000000   Number         0  os_systick.o ABSOLUTE
    C:\IDE\keil\ARM\PACK\ARM\CMSIS-FreeRTOS\10.0.1\Source\event_groups.c 0x00000000   Number         0  event_groups.o ABSOLUTE
    C:\IDE\keil\ARM\PACK\ARM\CMSIS-FreeRTOS\10.0.1\Source\list.c 0x00000000   Number         0  list.o ABSOLUTE
    C:\IDE\keil\ARM\PACK\ARM\CMSIS-FreeRTOS\10.0.1\Source\portable\MemMang\heap_4.c 0x00000000   Number         0  heap_4.o ABSOLUTE
    C:\IDE\keil\ARM\PACK\ARM\CMSIS-FreeRTOS\10.0.1\Source\portable\RVDS\ARM_CM3\port.c 0x00000000   Number         0  port.o ABSOLUTE
    C:\IDE\keil\ARM\PACK\ARM\CMSIS-FreeRTOS\10.0.1\Source\queue.c 0x00000000   Number         0  queue.o ABSOLUTE
    C:\IDE\keil\ARM\PACK\ARM\CMSIS-FreeRTOS\10.0.1\Source\tasks.c 0x00000000   Number         0  tasks.o ABSOLUTE
    C:\IDE\keil\ARM\PACK\ARM\CMSIS-FreeRTOS\10.0.1\Source\timers.c 0x00000000   Number         0  timers.o ABSOLUTE
    C:\IDE\keil\ARM\PACK\Keil\ARM_Compiler\1.4.0\Source\EventRecorder.c 0x00000000   Number         0  eventrecorder.o ABSOLUTE
    C:\\IDE\\keil\\ARM\\PACK\\ARM\\CMSIS-FreeRTOS\\10.0.1\\CMSIS\\RTOS2\\FreeRTOS\\Source\\ARM\\clib_arm.c 0x00000000   Number         0  clib_arm.o ABSOLUTE
    C:\\IDE\\keil\\ARM\\PACK\\ARM\\CMSIS-FreeRTOS\\10.0.1\\CMSIS\\RTOS2\\FreeRTOS\\Source\\cmsis_os2.c 0x00000000   Number         0  cmsis_os2.o ABSOLUTE
    C:\\IDE\\keil\\ARM\\PACK\\ARM\\CMSIS-FreeRTOS\\10.0.1\\CMSIS\\RTOS2\\FreeRTOS\\Source\\freertos_evr.c 0x00000000   Number         0  freertos_evr.o ABSOLUTE
    C:\\IDE\\keil\\ARM\\PACK\\ARM\\CMSIS-FreeRTOS\\10.0.1\\CMSIS\\RTOS2\\FreeRTOS\\Source\\os_systick.c 0x00000000   Number         0  os_systick.o ABSOLUTE
    C:\\IDE\\keil\\ARM\\PACK\\ARM\\CMSIS-FreeRTOS\\10.0.1\\Source\\event_groups.c 0x00000000   Number         0  event_groups.o ABSOLUTE
    C:\\IDE\\keil\\ARM\\PACK\\ARM\\CMSIS-FreeRTOS\\10.0.1\\Source\\list.c 0x00000000   Number         0  list.o ABSOLUTE
    C:\\IDE\\keil\\ARM\\PACK\\ARM\\CMSIS-FreeRTOS\\10.0.1\\Source\\portable\\MemMang\\heap_4.c 0x00000000   Number         0  heap_4.o ABSOLUTE
    C:\\IDE\\keil\\ARM\\PACK\\ARM\\CMSIS-FreeRTOS\\10.0.1\\Source\\portable\\RVDS\\ARM_CM3\\port.c 0x00000000   Number         0  port.o ABSOLUTE
    C:\\IDE\\keil\\ARM\\PACK\\ARM\\CMSIS-FreeRTOS\\10.0.1\\Source\\queue.c 0x00000000   Number         0  queue.o ABSOLUTE
    C:\\IDE\\keil\\ARM\\PACK\\ARM\\CMSIS-FreeRTOS\\10.0.1\\Source\\tasks.c 0x00000000   Number         0  tasks.o ABSOLUTE
    C:\\IDE\\keil\\ARM\\PACK\\ARM\\CMSIS-FreeRTOS\\10.0.1\\Source\\timers.c 0x00000000   Number         0  timers.o ABSOLUTE
    C:\\IDE\\keil\\ARM\\PACK\\Keil\\ARM_Compiler\\1.4.0\\Source\\EventRecorder.c 0x00000000   Number         0  eventrecorder.o ABSOLUTE
    RTE\Device\ARMCM3\startup_ARMCM3.s       0x00000000   Number         0  startup_armcm3.o ABSOLUTE
    RTE\Device\ARMCM3\system_ARMCM3.c        0x00000000   Number         0  system_armcm3.o ABSOLUTE
    RTE\\Device\\ARMCM3\\system_ARMCM3.c     0x00000000   Number         0  system_armcm3.o ABSOLUTE
    dc.s                                     0x00000000   Number         0  dc.o ABSOLUTE
    handlers.s                               0x00000000   Number         0  handlers.o ABSOLUTE
    init.s                                   0x00000000   Number         0  init.o ABSOLUTE
    .ARM.Collect$$$$00000000                 0x000000c0   Section        0  entry.o(.ARM.Collect$$$$00000000)
    .ARM.Collect$$$$00000001                 0x000000c0   Section        4  entry2.o(.ARM.Collect$$$$00000001)
    .ARM.Collect$$$$00000004                 0x000000c4   Section        4  entry5.o(.ARM.Collect$$$$00000004)
    .ARM.Collect$$$$00000008                 0x000000c8   Section        0  entry7b.o(.ARM.Collect$$$$00000008)
    .ARM.Collect$$$$0000000A                 0x000000c8   Section        0  entry8b.o(.ARM.Collect$$$$0000000A)
    .ARM.Collect$$$$0000000B                 0x000000c8   Section        8  entry9a.o(.ARM.Collect$$$$0000000B)
    .ARM.Collect$$$$0000000D                 0x000000d0   Section        0  entry10a.o(.ARM.Collect$$$$0000000D)
    .ARM.Collect$$$$0000000F                 0x000000d0   Section        0  entry11a.o(.ARM.Collect$$$$0000000F)
    .ARM.Collect$$$$00002712                 0x000000d0   Section        4  entry2.o(.ARM.Collect$$$$00002712)
    __lit__00000000                          0x000000d0   Data           4  entry2.o(.ARM.Collect$$$$00002712)
    .emb_text                                0x000000d4   Section      150  port.o(.emb_text)
    .text                                    0x0000016c   Section        0  blinky.o(.text)
    .text                                    0x000002fc   Section        0  cmsis_os2.o(.text)
    TimerCallback                            0x00000bf1   Thumb Code    22  cmsis_os2.o(.text)
    __get_IPSR                               0x000017b3   Thumb Code     6  cmsis_os2.o(.text)
    __get_PRIMASK                            0x000017b9   Thumb Code     6  cmsis_os2.o(.text)
    __get_BASEPRI                            0x000017bf   Thumb Code    30  cmsis_os2.o(.text)
    .text                                    0x000017dc   Section        0  os_systick.o(.text)
    .text                                    0x000018d8   Section        0  eventrecorder.o(.text)
    atomic_inc8                              0x000018d9   Thumb Code    22  eventrecorder.o(.text)
    atomic_inc32                             0x000018ef   Thumb Code    20  eventrecorder.o(.text)
    atomic_xch32                             0x00001903   Thumb Code    18  eventrecorder.o(.text)
    crc16_ccitt                              0x00001915   Thumb Code    66  eventrecorder.o(.text)
    EventRecordItem                          0x00001957   Thumb Code   268  eventrecorder.o(.text)
    EventCheckFilter                         0x00001a63   Thumb Code    34  eventrecorder.o(.text)
    EventGetTS                               0x00001a8b   Thumb Code    42  eventrecorder.o(.text)
    GetContext                               0x00001ec3   Thumb Code    10  eventrecorder.o(.text)
    .text                                    0x00001ed0   Section       36  startup_armcm3.o(.text)
    .text                                    0x00001ef4   Section        0  system_armcm3.o(.text)
    .text                                    0x00001f1c   Section        0  freertos_evr.o(.text)
    .text                                    0x0000259c   Section        0  event_groups.o(.text)
    prvTestWaitCondition                     0x0000273f   Thumb Code    30  event_groups.o(.text)
    .text                                    0x0000293c   Section        0  list.o(.text)
    .text                                    0x000029d0   Section        0  heap_4.o(.text)
    prvInsertBlockIntoFreeList               0x000029d1   Thumb Code    96  heap_4.o(.text)
    prvHeapInit                              0x00002a31   Thumb Code    98  heap_4.o(.text)
    .text                                    0x00002bc4   Section        0  port.o(.text)
    prvTaskExitError                         0x00002bc5   Thumb Code    22  port.o(.text)
    .text                                    0x00002cc4   Section        0  queue.o(.text)
    prvInitialiseNewQueue                    0x00002d3f   Thumb Code    48  queue.o(.text)
    prvUnlockQueue                           0x00002de9   Thumb Code   126  queue.o(.text)
    prvIsQueueFull                           0x00002e67   Thumb Code    30  queue.o(.text)
    prvCopyDataToQueue                       0x00002e85   Thumb Code   124  queue.o(.text)
    prvInitialiseMutex                       0x0000302d   Thumb Code    40  queue.o(.text)
    prvGetDisinheritPriorityAfterTimeout     0x00003109   Thumb Code    20  queue.o(.text)
    prvIsQueueEmpty                          0x0000311d   Thumb Code    26  queue.o(.text)
    prvCopyDataFromQueue                     0x00003429   Thumb Code    42  queue.o(.text)
    .text                                    0x00003838   Section        0  tasks.o(.text)
    prvInitialiseTaskLists                   0x00003839   Thumb Code    70  tasks.o(.text)
    prvAddNewTaskToReadyList                 0x0000387f   Thumb Code   172  tasks.o(.text)
    prvInitialiseNewTask                     0x0000392b   Thumb Code   144  tasks.o(.text)
    prvResetNextTaskUnblockTime              0x00003a6d   Thumb Code    42  tasks.o(.text)
    prvDeleteTCB                             0x00003a97   Thumb Code    40  tasks.o(.text)
    prvAddCurrentTaskToDelayedList           0x00003d67   Thumb Code   100  tasks.o(.text)
    prvTaskIsTaskSuspended                   0x0000417f   Thumb Code    56  tasks.o(.text)
    prvCheckTasksWaitingTermination          0x000042c3   Thumb Code    60  tasks.o(.text)
    prvIdleTask                              0x000042ff   Thumb Code    32  tasks.o(.text)
    prvTaskCheckFreeStackSpace               0x000043df   Thumb Code    22  tasks.o(.text)
    prvListTasksWithinSingleList             0x00004473   Thumb Code   178  tasks.o(.text)
    .text                                    0x00004ddc   Section        0  timers.o(.text)
    prvInsertTimerInActiveList               0x00004ddd   Thumb Code    80  timers.o(.text)
    prvSwitchTimerLists                      0x00004ea1   Thumb Code   128  timers.o(.text)
    prvSampleTimeNow                         0x00004f21   Thumb Code    40  timers.o(.text)
    prvProcessReceivedCommands               0x00004f49   Thumb Code   222  timers.o(.text)
    prvProcessExpiredTimer                   0x00005027   Thumb Code    76  timers.o(.text)
    prvProcessTimerOrBlockTask               0x00005073   Thumb Code   102  timers.o(.text)
    prvGetNextExpireTime                     0x000050d9   Thumb Code    36  timers.o(.text)
    prvTimerTask                             0x000050fd   Thumb Code    26  timers.o(.text)
    prvCheckForValidListAndQueue             0x00005117   Thumb Code    62  timers.o(.text)
    prvInitialiseNewTimer                    0x000051a1   Thumb Code    52  timers.o(.text)
    .text                                    0x00005364   Section        0  memcpya.o(.text)
    .text                                    0x00005388   Section        0  memseta.o(.text)
    .text                                    0x000053ac   Section       36  init.o(.text)
    i.__scatterload_copy                     0x000053d0   Section       14  handlers.o(i.__scatterload_copy)
    i.__scatterload_null                     0x000053de   Section        2  handlers.o(i.__scatterload_null)
    i.__scatterload_zeroinit                 0x000053e0   Section       14  handlers.o(i.__scatterload_zeroinit)
    .constdata                               0x000053f0   Section       24  eventrecorder.o(.constdata)
    __tagsym$$used                           0x000053f0   Number         0  eventrecorder.o(.constdata)
    .data                                    0x20000000   Section       20  blinky.o(.data)
    .data                                    0x20000014   Section        4  cmsis_os2.o(.data)
    KernelState                              0x20000014   Data           4  cmsis_os2.o(.data)
    .data                                    0x20000018   Section        1  os_systick.o(.data)
    PendST                                   0x20000018   Data           1  os_systick.o(.data)
    .data                                    0x2000001c   Section        4  system_armcm3.o(.data)
    .data                                    0x20000020   Section       24  heap_4.o(.data)
    xStart                                   0x20000020   Data           8  heap_4.o(.data)
    pxEnd                                    0x20000028   Data           4  heap_4.o(.data)
    xFreeBytesRemaining                      0x2000002c   Data           4  heap_4.o(.data)
    xMinimumEverFreeBytesRemaining           0x20000030   Data           4  heap_4.o(.data)
    xBlockAllocatedBit                       0x20000034   Data           4  heap_4.o(.data)
    .data                                    0x20000038   Section        4  port.o(.data)
    uxCriticalNesting                        0x20000038   Data           4  port.o(.data)
    .data                                    0x2000003c   Section       60  tasks.o(.data)
    pxDelayedTaskList                        0x20000040   Data           4  tasks.o(.data)
    pxOverflowDelayedTaskList                0x20000044   Data           4  tasks.o(.data)
    uxDeletedTasksWaitingCleanUp             0x20000048   Data           4  tasks.o(.data)
    uxCurrentNumberOfTasks                   0x2000004c   Data           4  tasks.o(.data)
    xTickCount                               0x20000050   Data           4  tasks.o(.data)
    uxTopReadyPriority                       0x20000054   Data           4  tasks.o(.data)
    xSchedulerRunning                        0x20000058   Data           4  tasks.o(.data)
    uxPendedTicks                            0x2000005c   Data           4  tasks.o(.data)
    xYieldPending                            0x20000060   Data           4  tasks.o(.data)
    xNumOfOverflows                          0x20000064   Data           4  tasks.o(.data)
    uxTaskNumber                             0x20000068   Data           4  tasks.o(.data)
    xNextTaskUnblockTime                     0x2000006c   Data           4  tasks.o(.data)
    xIdleTaskHandle                          0x20000070   Data           4  tasks.o(.data)
    uxSchedulerSuspended                     0x20000074   Data           4  tasks.o(.data)
    .data                                    0x20000078   Section       20  timers.o(.data)
    pxCurrentTimerList                       0x20000078   Data           4  timers.o(.data)
    pxOverflowTimerList                      0x2000007c   Data           4  timers.o(.data)
    xTimerQueue                              0x20000080   Data           4  timers.o(.data)
    xTimerTaskHandle                         0x20000084   Data           4  timers.o(.data)
    xLastTime                                0x20000088   Data           4  timers.o(.data)
    .bss                                     0x2000008c   Section       16  blinky.o(.bss)
    .bss                                     0x2000009c   Section     1016  cmsis_os2.o(.bss)
    Idle_TCB                                 0x2000009c   Data          92  cmsis_os2.o(.bss)
    Idle_Stack                               0x200000f8   Data         512  cmsis_os2.o(.bss)
    Timer_TCB                                0x200002f8   Data          92  cmsis_os2.o(.bss)
    Timer_Stack                              0x20000354   Data         320  cmsis_os2.o(.bss)
    .bss                                     0x20000494   Section     8192  heap_4.o(.bss)
    ucHeap                                   0x20000494   Data        8192  heap_4.o(.bss)
    .bss                                     0x20002494   Section     1220  tasks.o(.bss)
    pxReadyTasksLists                        0x20002494   Data        1120  tasks.o(.bss)
    xDelayedTaskList1                        0x200028f4   Data          20  tasks.o(.bss)
    xDelayedTaskList2                        0x20002908   Data          20  tasks.o(.bss)
    xPendingReadyList                        0x2000291c   Data          20  tasks.o(.bss)
    xTasksWaitingTermination                 0x20002930   Data          20  tasks.o(.bss)
    xSuspendedTaskList                       0x20002944   Data          20  tasks.o(.bss)
    .bss                                     0x20002958   Section      200  timers.o(.bss)
    xActiveTimerList1                        0x20002958   Data          20  timers.o(.bss)
    xActiveTimerList2                        0x2000296c   Data          20  timers.o(.bss)
    xStaticTimerQueue                        0x20002980   Data          80  timers.o(.bss)
    ucStaticTimerQueueStorage                0x200029d0   Data          80  timers.o(.bss)
    .bss.noinit                              0x20002a40   Section     1188  eventrecorder.o(.bss.noinit)
    EventBuffer                              0x20002a40   Data        1024  eventrecorder.o(.bss.noinit)
    EventFilter                              0x20002e40   Data         128  eventrecorder.o(.bss.noinit)
    EventStatus                              0x20002ec0   Data          36  eventrecorder.o(.bss.noinit)
    STACK                                    0x20002ee8   Section     1024  startup_armcm3.o(STACK)

    Global Symbols

    Symbol Name                              Value     Ov Type        Size  Object(Section)

    BuildAttributes$$THM_ISAv4$P$D$K$B$S$PE$A:L22UL41UL21$X:L11$S22US41US21$IEEE1$IW$USESV6$~STKCKD$USESV7$~SHL$OSPACE$EBA8$MICROLIB$REQ8$PRES8$EABIv2 0x00000000   Number         0  anon$$obj.o ABSOLUTE
    __ARM_use_no_argv                        0x00000000   Number         0  blinky.o ABSOLUTE
    __Vectors                                0x00000000   Data           4  startup_armcm3.o(RESET)
    __cpp_initialize__aeabi_                  - Undefined Weak Reference
    __cxa_finalize                            - Undefined Weak Reference
    __decompress                              - Undefined Weak Reference
    _clock_init                               - Undefined Weak Reference
    _microlib_exit                            - Undefined Weak Reference
    __Vectors_End                            0x000000c0   Data           0  startup_armcm3.o(RESET)
    __Vectors_Size                           0x000000c0   Number         0  startup_armcm3.o ABSOLUTE
    __main                                   0x000000c1   Thumb Code     0  entry.o(.ARM.Collect$$$$00000000)
    _main_stk                                0x000000c1   Thumb Code     0  entry2.o(.ARM.Collect$$$$00000001)
    _main_scatterload                        0x000000c5   Thumb Code     0  entry5.o(.ARM.Collect$$$$00000004)
    __main_after_scatterload                 0x000000c9   Thumb Code     0  entry5.o(.ARM.Collect$$$$00000004)
    _main_clock                              0x000000c9   Thumb Code     0  entry7b.o(.ARM.Collect$$$$00000008)
    _main_cpp_init                           0x000000c9   Thumb Code     0  entry8b.o(.ARM.Collect$$$$0000000A)
    _main_init                               0x000000c9   Thumb Code     0  entry9a.o(.ARM.Collect$$$$0000000B)
    __rt_final_cpp                           0x000000d1   Thumb Code     0  entry10a.o(.ARM.Collect$$$$0000000D)
    __rt_final_exit                          0x000000d1   Thumb Code     0  entry11a.o(.ARM.Collect$$$$0000000F)
    SVC_Handler                              0x000000d5   Thumb Code    32  port.o(.emb_text)
    __asm___6_port_c_39a90d8d__prvStartFirstTask 0x000000f9   Thumb Code    28  port.o(.emb_text)
    PendSV_Handler                           0x00000119   Thumb Code    72  port.o(.emb_text)
    vPortGetIPSR                             0x00000165   Thumb Code     6  port.o(.emb_text)
    signal_func                              0x0000016d   Thumb Code    62  blinky.o(.text)
    phaseA                                   0x000001ab   Thumb Code    36  blinky.o(.text)
    phaseB                                   0x000001cf   Thumb Code    36  blinky.o(.text)
    phaseC                                   0x000001f3   Thumb Code    36  blinky.o(.text)
    phaseD                                   0x00000217   Thumb Code    36  blinky.o(.text)
    clock                                    0x0000023b   Thumb Code    24  blinky.o(.text)
    app_main                                 0x00000253   Thumb Code   102  blinky.o(.text)
    main                                     0x000002b9   Thumb Code    44  blinky.o(.text)
    SysTick_Handler                          0x000002fd   Thumb Code    14  cmsis_os2.o(.text)
    osKernelInitialize                       0x0000030b   Thumb Code    58  cmsis_os2.o(.text)
    osKernelGetInfo                          0x00000345   Thumb Code    40  cmsis_os2.o(.text)
    osKernelGetState                         0x0000036d   Thumb Code    48  cmsis_os2.o(.text)
    osKernelStart                            0x0000039d   Thumb Code    64  cmsis_os2.o(.text)
    osKernelLock                             0x000003dd   Thumb Code    76  cmsis_os2.o(.text)
    osKernelUnlock                           0x00000429   Thumb Code    88  cmsis_os2.o(.text)
    osKernelRestoreLock                      0x00000481   Thumb Code   108  cmsis_os2.o(.text)
    osKernelGetTickCount                     0x000004ed   Thumb Code    46  cmsis_os2.o(.text)
    osKernelGetTickFreq                      0x0000051b   Thumb Code     6  cmsis_os2.o(.text)
    osKernelGetSysTimerCount                 0x00000521   Thumb Code    66  cmsis_os2.o(.text)
    osKernelGetSysTimerFreq                  0x00000563   Thumb Code     6  cmsis_os2.o(.text)
    osThreadNew                              0x00000569   Thumb Code   216  cmsis_os2.o(.text)
    osThreadGetName                          0x00000641   Thumb Code    50  cmsis_os2.o(.text)
    osThreadGetId                            0x00000673   Thumb Code    42  cmsis_os2.o(.text)
    osThreadGetState                         0x0000069d   Thumb Code   124  cmsis_os2.o(.text)
    osThreadGetStackSpace                    0x00000719   Thumb Code    50  cmsis_os2.o(.text)
    osThreadSetPriority                      0x0000074b   Thumb Code    74  cmsis_os2.o(.text)
    osThreadGetPriority                      0x00000795   Thumb Code    52  cmsis_os2.o(.text)
    osThreadYield                            0x000007c9   Thumb Code    56  cmsis_os2.o(.text)
    osThreadSuspend                          0x00000801   Thumb Code    58  cmsis_os2.o(.text)
    osThreadResume                           0x0000083b   Thumb Code    58  cmsis_os2.o(.text)
    osThreadExit                             0x00000875   Thumb Code    10  cmsis_os2.o(.text)
    osThreadTerminate                        0x0000087f   Thumb Code    80  cmsis_os2.o(.text)
    osThreadGetCount                         0x000008cf   Thumb Code    42  cmsis_os2.o(.text)
    osThreadEnumerate                        0x000008f9   Thumb Code   126  cmsis_os2.o(.text)
    osThreadFlagsSet                         0x00000977   Thumb Code   142  cmsis_os2.o(.text)
    osThreadFlagsClear                       0x00000a05   Thumb Code   108  cmsis_os2.o(.text)
    osThreadFlagsGet                         0x00000a71   Thumb Code    68  cmsis_os2.o(.text)
    osThreadFlagsWait                        0x00000ab5   Thumb Code   210  cmsis_os2.o(.text)
    osDelay                                  0x00000b87   Thumb Code    50  cmsis_os2.o(.text)
    osDelayUntil                             0x00000bb9   Thumb Code    56  cmsis_os2.o(.text)
    osTimerNew                               0x00000c07   Thumb Code   194  cmsis_os2.o(.text)
    osTimerGetName                           0x00000cc9   Thumb Code    50  cmsis_os2.o(.text)
    osTimerStart                             0x00000cfb   Thumb Code    80  cmsis_os2.o(.text)
    osTimerStop                              0x00000d4b   Thumb Code    92  cmsis_os2.o(.text)
    osTimerIsRunning                         0x00000da7   Thumb Code    50  cmsis_os2.o(.text)
    osTimerDelete                            0x00000dd9   Thumb Code    92  cmsis_os2.o(.text)
    osEventFlagsNew                          0x00000e35   Thumb Code    92  cmsis_os2.o(.text)
    osEventFlagsSet                          0x00000e91   Thumb Code   108  cmsis_os2.o(.text)
    osEventFlagsClear                        0x00000efd   Thumb Code    90  cmsis_os2.o(.text)
    osEventFlagsGet                          0x00000f57   Thumb Code    76  cmsis_os2.o(.text)
    osEventFlagsWait                         0x00000fa3   Thumb Code   160  cmsis_os2.o(.text)
    osEventFlagsDelete                       0x00001043   Thumb Code    58  cmsis_os2.o(.text)
    osMutexNew                               0x0000107d   Thumb Code   180  cmsis_os2.o(.text)
    osMutexAcquire                           0x00001131   Thumb Code   120  cmsis_os2.o(.text)
    osMutexRelease                           0x000011a9   Thumb Code   100  cmsis_os2.o(.text)
    osMutexGetOwner                          0x0000120d   Thumb Code    52  cmsis_os2.o(.text)
    osMutexDelete                            0x00001241   Thumb Code    60  cmsis_os2.o(.text)
    osSemaphoreNew                           0x0000127d   Thumb Code   202  cmsis_os2.o(.text)
    osSemaphoreAcquire                       0x00001347   Thumb Code   134  cmsis_os2.o(.text)
    osSemaphoreRelease                       0x000013cd   Thumb Code   108  cmsis_os2.o(.text)
    osSemaphoreGetCount                      0x00001439   Thumb Code    60  cmsis_os2.o(.text)
    osSemaphoreDelete                        0x00001475   Thumb Code    58  cmsis_os2.o(.text)
    osMessageQueueNew                        0x000014af   Thumb Code   150  cmsis_os2.o(.text)
    osMessageQueuePut                        0x00001545   Thumb Code   148  cmsis_os2.o(.text)
    osMessageQueueGet                        0x000015d9   Thumb Code   144  cmsis_os2.o(.text)
    osMessageQueueGetCapacity                0x00001669   Thumb Code    14  cmsis_os2.o(.text)
    osMessageQueueGetMsgSize                 0x00001677   Thumb Code    14  cmsis_os2.o(.text)
    osMessageQueueGetCount                   0x00001685   Thumb Code    60  cmsis_os2.o(.text)
    osMessageQueueGetSpace                   0x000016c1   Thumb Code    94  cmsis_os2.o(.text)
    osMessageQueueReset                      0x0000171f   Thumb Code    60  cmsis_os2.o(.text)
    osMessageQueueDelete                     0x0000175b   Thumb Code    58  cmsis_os2.o(.text)
    vApplicationStackOverflowHook            0x00001795   Thumb Code     2  cmsis_os2.o(.text)
    vApplicationGetIdleTaskMemory            0x00001797   Thumb Code    14  cmsis_os2.o(.text)
    vApplicationGetTimerTaskMemory           0x000017a5   Thumb Code    14  cmsis_os2.o(.text)
    OS_Tick_Setup                            0x000017dd   Thumb Code    96  os_systick.o(.text)
    OS_Tick_Enable                           0x0000183d   Thumb Code    40  os_systick.o(.text)
    OS_Tick_Disable                          0x00001865   Thumb Code    46  os_systick.o(.text)
    OS_Tick_AcknowledgeIRQ                   0x00001893   Thumb Code     8  os_systick.o(.text)
    OS_Tick_GetIRQn                          0x0000189b   Thumb Code     6  os_systick.o(.text)
    OS_Tick_GetClock                         0x000018a1   Thumb Code     6  os_systick.o(.text)
    OS_Tick_GetInterval                      0x000018a7   Thumb Code    10  os_systick.o(.text)
    OS_Tick_GetCount                         0x000018b1   Thumb Code    12  os_systick.o(.text)
    OS_Tick_GetOverflow                      0x000018bd   Thumb Code    12  os_systick.o(.text)
    EventRecorderTimerGet                    0x00001a85   Thumb Code     6  eventrecorder.o(.text)
    EventRecorderTimerInit                   0x00001ab5   Thumb Code    30  eventrecorder.o(.text)
    EventRecorderEnable                      0x00001ad3   Thumb Code    88  eventrecorder.o(.text)
    EventRecorderInitialize                  0x00001b2b   Thumb Code   236  eventrecorder.o(.text)
    EventRecorderDisable                     0x00001c17   Thumb Code    88  eventrecorder.o(.text)
    EventRecorderStart                       0x00001c6f   Thumb Code    46  eventrecorder.o(.text)
    EventRecorderStop                        0x00001c9d   Thumb Code    46  eventrecorder.o(.text)
    EventRecordData                          0x00001ccb   Thumb Code   316  eventrecorder.o(.text)
    EventRecord2                             0x00001e07   Thumb Code    70  eventrecorder.o(.text)
    EventRecord4                             0x00001e4d   Thumb Code   118  eventrecorder.o(.text)
    Reset_Handler                            0x00001ed1   Thumb Code     8  startup_armcm3.o(.text)
    NMI_Handler                              0x00001ed9   Thumb Code     2  startup_armcm3.o(.text)
    HardFault_Handler                        0x00001edb   Thumb Code     2  startup_armcm3.o(.text)
    MemManage_Handler                        0x00001edd   Thumb Code     2  startup_armcm3.o(.text)
    BusFault_Handler                         0x00001edf   Thumb Code     2  startup_armcm3.o(.text)
    UsageFault_Handler                       0x00001ee1   Thumb Code     2  startup_armcm3.o(.text)
    DebugMon_Handler                         0x00001ee5   Thumb Code     2  startup_armcm3.o(.text)
    AACI_IRQHandler                          0x00001eeb   Thumb Code     0  startup_armcm3.o(.text)
    CAN_IRQHandler                           0x00001eeb   Thumb Code     0  startup_armcm3.o(.text)
    CHLCD_IRQHandler                         0x00001eeb   Thumb Code     0  startup_armcm3.o(.text)
    CLCD_IRQHandler                          0x00001eeb   Thumb Code     0  startup_armcm3.o(.text)
    CPU_CLCD_IRQHandler                      0x00001eeb   Thumb Code     0  startup_armcm3.o(.text)
    ENET_IRQHandler                          0x00001eeb   Thumb Code     0  startup_armcm3.o(.text)
    FLEXRAY_IRQHandler                       0x00001eeb   Thumb Code     0  startup_armcm3.o(.text)
    I2C_IRQHandler                           0x00001eeb   Thumb Code     0  startup_armcm3.o(.text)
    LIN_IRQHandler                           0x00001eeb   Thumb Code     0  startup_armcm3.o(.text)
    MCIA_IRQHandler                          0x00001eeb   Thumb Code     0  startup_armcm3.o(.text)
    MCIB_IRQHandler                          0x00001eeb   Thumb Code     0  startup_armcm3.o(.text)
    RTC_IRQHandler                           0x00001eeb   Thumb Code     0  startup_armcm3.o(.text)
    SPI_IRQHandler                           0x00001eeb   Thumb Code     0  startup_armcm3.o(.text)
    TIM0_IRQHandler                          0x00001eeb   Thumb Code     0  startup_armcm3.o(.text)
    TIM2_IRQHandler                          0x00001eeb   Thumb Code     0  startup_armcm3.o(.text)
    UART0_IRQHandler                         0x00001eeb   Thumb Code     0  startup_armcm3.o(.text)
    UART1_IRQHandler                         0x00001eeb   Thumb Code     0  startup_armcm3.o(.text)
    UART2_IRQHandler                         0x00001eeb   Thumb Code     0  startup_armcm3.o(.text)
    UART3_IRQHandler                         0x00001eeb   Thumb Code     0  startup_armcm3.o(.text)
    UART4_IRQHandler                         0x00001eeb   Thumb Code     0  startup_armcm3.o(.text)
    USBDC_IRQHandler                         0x00001eeb   Thumb Code     0  startup_armcm3.o(.text)
    USBHC_IRQHandler                         0x00001eeb   Thumb Code     0  startup_armcm3.o(.text)
    WDT_IRQHandler                           0x00001eeb   Thumb Code     0  startup_armcm3.o(.text)
    SystemCoreClockUpdate                    0x00001ef5   Thumb Code     8  system_armcm3.o(.text)
    SystemInit                               0x00001efd   Thumb Code    14  system_armcm3.o(.text)
    EvrFreeRTOSTasks_TaskCreate              0x00001f1d   Thumb Code    18  freertos_evr.o(.text)
    EvrFreeRTOSTasks_TaskCreateFailed        0x00001f2f   Thumb Code    16  freertos_evr.o(.text)
    EvrFreeRTOSTasks_TaskDelete              0x00001f3f   Thumb Code    16  freertos_evr.o(.text)
    EvrFreeRTOSTasks_TaskDelayUntil          0x00001f4f   Thumb Code    18  freertos_evr.o(.text)
    EvrFreeRTOSTasks_TaskDelay               0x00001f61   Thumb Code    18  freertos_evr.o(.text)
    EvrFreeRTOSTasks_TaskPrioritySet         0x00001f73   Thumb Code    20  freertos_evr.o(.text)
    EvrFreeRTOSTasks_TaskSuspend             0x00001f87   Thumb Code    18  freertos_evr.o(.text)
    EvrFreeRTOSTasks_TaskResume              0x00001f99   Thumb Code    18  freertos_evr.o(.text)
    EvrFreeRTOSTasks_TaskResumeFromIsr       0x00001fab   Thumb Code    18  freertos_evr.o(.text)
    EvrFreeRTOSTasks_TaskIncrementTick       0x00001fbd   Thumb Code    16  freertos_evr.o(.text)
    EvrFreeRTOSTasks_IncreaseTickCount       0x00001fcd   Thumb Code    18  freertos_evr.o(.text)
    EvrFreeRTOSTasks_TaskSwitchedOut         0x00001fdf   Thumb Code    18  freertos_evr.o(.text)
    EvrFreeRTOSTasks_TaskSwitchedIn          0x00001ff1   Thumb Code    20  freertos_evr.o(.text)
    EvrFreeRTOSTasks_TaskPriorityInherit     0x00002005   Thumb Code    20  freertos_evr.o(.text)
    EvrFreeRTOSTasks_TaskPriorityDisinherit  0x00002019   Thumb Code    20  freertos_evr.o(.text)
    EvrFreeRTOSTasks_MovedTaskToReadyState   0x0000202d   Thumb Code    18  freertos_evr.o(.text)
    EvrFreeRTOSTasks_PostMovedTaskToReadyState 0x0000203f   Thumb Code    18  freertos_evr.o(.text)
    EvrFreeRTOSTasks_LowPowerIdleBegin       0x00002051   Thumb Code    18  freertos_evr.o(.text)
    EvrFreeRTOSTasks_LowPowerIdleEnd         0x00002063   Thumb Code    16  freertos_evr.o(.text)
    EvrFreeRTOSTasks_TaskNotifyTakeBlock     0x00002073   Thumb Code    18  freertos_evr.o(.text)
    EvrFreeRTOSTasks_TaskNotifyTake          0x00002085   Thumb Code    18  freertos_evr.o(.text)
    EvrFreeRTOSTasks_TaskNotifyWaitBlock     0x00002097   Thumb Code    18  freertos_evr.o(.text)
    EvrFreeRTOSTasks_TaskNotifyWait          0x000020a9   Thumb Code    18  freertos_evr.o(.text)
    EvrFreeRTOSTasks_TaskNotify              0x000020bb   Thumb Code    28  freertos_evr.o(.text)
    EvrFreeRTOSTasks_TaskNotifyFromIsr       0x000020d7   Thumb Code    28  freertos_evr.o(.text)
    EvrFreeRTOSTasks_TaskNotifyGiveFromIsr   0x000020f3   Thumb Code    20  freertos_evr.o(.text)
    EvrFreeRTOSQueue_QueueCreate             0x00002107   Thumb Code    18  freertos_evr.o(.text)
    EvrFreeRTOSQueue_QueueCreateFailed       0x00002119   Thumb Code    18  freertos_evr.o(.text)
    EvrFreeRTOSQueue_CreateMutex             0x0000212b   Thumb Code    16  freertos_evr.o(.text)
    EvrFreeRTOSQueue_CreateMutexFailed       0x0000213b   Thumb Code    16  freertos_evr.o(.text)
    EvrFreeRTOSQueue_GiveMutexRecursive      0x0000214b   Thumb Code    18  freertos_evr.o(.text)
    EvrFreeRTOSQueue_GiveMutexRecursiveFailed 0x0000215d   Thumb Code    18  freertos_evr.o(.text)
    EvrFreeRTOSQueue_TakeMutexRecursive      0x0000216f   Thumb Code    18  freertos_evr.o(.text)
    EvrFreeRTOSQueue_TakeMutexRecursiveFailed 0x00002181   Thumb Code    18  freertos_evr.o(.text)
    EvrFreeRTOSQueue_CreateCountingSemaphore 0x00002193   Thumb Code    18  freertos_evr.o(.text)
    EvrFreeRTOSQueue_CreateCountingSemaphoreFailed 0x000021a5   Thumb Code    16  freertos_evr.o(.text)
    EvrFreeRTOSQueue_QueueSend               0x000021b5   Thumb Code    18  freertos_evr.o(.text)
    EvrFreeRTOSQueue_QueueSendFailed         0x000021c7   Thumb Code    18  freertos_evr.o(.text)
    EvrFreeRTOSQueue_QueueReceive            0x000021d9   Thumb Code    18  freertos_evr.o(.text)
    EvrFreeRTOSQueue_QueuePeek               0x000021eb   Thumb Code    18  freertos_evr.o(.text)
    EvrFreeRTOSQueue_QueuePeekFailed         0x000021fd   Thumb Code    18  freertos_evr.o(.text)
    EvrFreeRTOSQueue_QueuePeekFromIsr        0x0000220f   Thumb Code    18  freertos_evr.o(.text)
    EvrFreeRTOSQueue_QueueReceiveFailed      0x00002221   Thumb Code    18  freertos_evr.o(.text)
    EvrFreeRTOSQueue_QueueSendFromIsr        0x00002233   Thumb Code    18  freertos_evr.o(.text)
    EvrFreeRTOSQueue_QueueSendFromIsrFailed  0x00002245   Thumb Code    18  freertos_evr.o(.text)
    EvrFreeRTOSQueue_QueueReceiveFromIsr     0x00002257   Thumb Code    18  freertos_evr.o(.text)
    EvrFreeRTOSQueue_QueueReceiveFromIsrFailed 0x00002269   Thumb Code    18  freertos_evr.o(.text)
    EvrFreeRTOSQueue_QueuePeekFromIsrFailed  0x0000227b   Thumb Code    18  freertos_evr.o(.text)
    EvrFreeRTOSQueue_QueueDelete             0x0000228d   Thumb Code    18  freertos_evr.o(.text)
    EvrFreeRTOSQueue_QueueRegistryAdd        0x0000229f   Thumb Code    20  freertos_evr.o(.text)
    EvrFreeRTOSQueue_BlockingOnQueueReceive  0x000022b3   Thumb Code    18  freertos_evr.o(.text)
    EvrFreeRTOSQueue_BlockingOnQueueSend     0x000022c5   Thumb Code    18  freertos_evr.o(.text)
    EvrFreeRTOSTimers_TimerCreate            0x000022d7   Thumb Code    18  freertos_evr.o(.text)
    EvrFreeRTOSTimers_TimerCreateFailed      0x000022e9   Thumb Code    16  freertos_evr.o(.text)
    EvrFreeRTOSTimers_TimerCommandSend       0x000022f9   Thumb Code    26  freertos_evr.o(.text)
    EvrFreeRTOSTimers_TimerCommandReceived   0x00002313   Thumb Code    46  freertos_evr.o(.text)
    EvrFreeRTOSTimers_TimerExpired           0x00002341   Thumb Code    16  freertos_evr.o(.text)
    EvrFreeRTOSTimers_PendFuncCall           0x00002351   Thumb Code    28  freertos_evr.o(.text)
    EvrFreeRTOSTimers_PendFuncCallFromIsr    0x0000236d   Thumb Code    28  freertos_evr.o(.text)
    EvrFreeRTOSEventGroups_EventGroupCreate  0x00002389   Thumb Code    18  freertos_evr.o(.text)
    EvrFreeRTOSEventGroups_EventGroupCreateFailed 0x0000239b   Thumb Code    16  freertos_evr.o(.text)
    EvrFreeRTOSEventGroups_EventGroupSyncBlock 0x000023ab   Thumb Code    28  freertos_evr.o(.text)
    EvrFreeRTOSEventGroups_EventGroupSyncEnd 0x000023c7   Thumb Code    28  freertos_evr.o(.text)
    EvrFreeRTOSEventGroups_EventGroupWaitBitsBlock 0x000023e3   Thumb Code    18  freertos_evr.o(.text)
    EvrFreeRTOSEventGroups_EventGroupWaitBitsEnd 0x000023f5   Thumb Code    28  freertos_evr.o(.text)
    EvrFreeRTOSEventGroups_EventGroupClearBits 0x00002411   Thumb Code    20  freertos_evr.o(.text)
    EvrFreeRTOSEventGroups_EventGroupClearBitsFromIsr 0x00002425   Thumb Code    20  freertos_evr.o(.text)
    EvrFreeRTOSEventGroups_EventGroupSetBits 0x00002439   Thumb Code    20  freertos_evr.o(.text)
    EvrFreeRTOSEventGroups_EventGroupSetBitsFromIsr 0x0000244d   Thumb Code    20  freertos_evr.o(.text)
    EvrFreeRTOSEventGroups_EventGroupDelete  0x00002461   Thumb Code    18  freertos_evr.o(.text)
    EvrFreeRTOSStreamBuf_StreamBufferCreateFailed 0x00002473   Thumb Code    16  freertos_evr.o(.text)
    EvrFreeRTOSStreamBuf_StreamBufferCreateStaticFailed 0x00002483   Thumb Code    20  freertos_evr.o(.text)
    EvrFreeRTOSStreamBuf_StreamBufferCreate  0x00002497   Thumb Code    20  freertos_evr.o(.text)
    EvrFreeRTOSStreamBuf_StreamBufferDelete  0x000024ab   Thumb Code    18  freertos_evr.o(.text)
    EvrFreeRTOSStreamBuf_StreamBufferReset   0x000024bd   Thumb Code    18  freertos_evr.o(.text)
    EvrFreeRTOSStreamBuf_StreamBufferBlockingOnSend 0x000024cf   Thumb Code    18  freertos_evr.o(.text)
    EvrFreeRTOSStreamBuf_StreamBufferSend    0x000024e1   Thumb Code    20  freertos_evr.o(.text)
    EvrFreeRTOSStreamBuf_StreamBufferSendFailed 0x000024f5   Thumb Code    18  freertos_evr.o(.text)
    EvrFreeRTOSStreamBuf_StreamBufferSendFromIsr 0x00002507   Thumb Code    20  freertos_evr.o(.text)
    EvrFreeRTOSStreamBuf_StreamBufferBlockingOnReceive 0x0000251b   Thumb Code    18  freertos_evr.o(.text)
    EvrFreeRTOSStreamBuf_StreamBufferReceive 0x0000252d   Thumb Code    20  freertos_evr.o(.text)
    EvrFreeRTOSStreamBuf_StreamBufferReceiveFailed 0x00002541   Thumb Code    18  freertos_evr.o(.text)
    EvrFreeRTOSStreamBuf_StreamBufferReceiveFromIsr 0x00002553   Thumb Code    20  freertos_evr.o(.text)
    EvrFreeRTOSHeap_Malloc                   0x00002567   Thumb Code    20  freertos_evr.o(.text)
    EvrFreeRTOSHeap_Free                     0x0000257b   Thumb Code    20  freertos_evr.o(.text)
    xEventGroupCreateStatic                  0x0000259d   Thumb Code    38  event_groups.o(.text)
    xEventGroupCreate                        0x000025c3   Thumb Code    42  event_groups.o(.text)
    xEventGroupSetBits                       0x000025ed   Thumb Code   154  event_groups.o(.text)
    xEventGroupSync                          0x00002687   Thumb Code   184  event_groups.o(.text)
    xEventGroupWaitBits                      0x0000275d   Thumb Code   216  event_groups.o(.text)
    xEventGroupClearBits                     0x00002835   Thumb Code    40  event_groups.o(.text)
    vEventGroupClearBitsCallback             0x0000285d   Thumb Code    16  event_groups.o(.text)
    xEventGroupClearBitsFromISR              0x0000286d   Thumb Code    34  event_groups.o(.text)
    xEventGroupGetBitsFromISR                0x0000288f   Thumb Code    44  event_groups.o(.text)
    vEventGroupDelete                        0x000028bb   Thumb Code    52  event_groups.o(.text)
    vEventGroupSetBitsCallback               0x000028ef   Thumb Code    16  event_groups.o(.text)
    xEventGroupSetBitsFromISR                0x000028ff   Thumb Code    40  event_groups.o(.text)
    uxEventGroupGetNumber                    0x00002927   Thumb Code    14  event_groups.o(.text)
    vEventGroupSetNumber                     0x00002935   Thumb Code     4  event_groups.o(.text)
    vListInitialise                          0x0000293d   Thumb Code    26  list.o(.text)
    vListInitialiseItem                      0x00002957   Thumb Code     6  list.o(.text)
    vListInsertEnd                           0x0000295d   Thumb Code    24  list.o(.text)
    vListInsert                              0x00002975   Thumb Code    52  list.o(.text)
    uxListRemove                             0x000029a9   Thumb Code    40  list.o(.text)
    pvPortMalloc                             0x00002a93   Thumb Code   196  heap_4.o(.text)
    vPortFree                                0x00002b57   Thumb Code    72  heap_4.o(.text)
    xPortGetFreeHeapSize                     0x00002b9f   Thumb Code     6  heap_4.o(.text)
    xPortGetMinimumEverFreeHeapSize          0x00002ba5   Thumb Code     6  heap_4.o(.text)
    vPortInitialiseBlocks                    0x00002bab   Thumb Code     2  heap_4.o(.text)
    pxPortInitialiseStack                    0x00002bdb   Thumb Code    30  port.o(.text)
    vPortSetupTimerInterrupt                 0x00002bf9   Thumb Code    36  port.o(.text)
    xPortStartScheduler                      0x00002c1d   Thumb Code    42  port.o(.text)
    vPortEndScheduler                        0x00002c47   Thumb Code     2  port.o(.text)
    vPortEnterCritical                       0x00002c49   Thumb Code    30  port.o(.text)
    vPortExitCritical                        0x00002c67   Thumb Code    28  port.o(.text)
    xPortSysTickHandler                      0x00002c83   Thumb Code    48  port.o(.text)
    xQueueGenericReset                       0x00002cc5   Thumb Code   122  queue.o(.text)
    xQueueGenericCreateStatic                0x00002d6f   Thumb Code    52  queue.o(.text)
    xQueueGenericCreate                      0x00002da3   Thumb Code    70  queue.o(.text)
    xQueueGenericSend                        0x00002f01   Thumb Code   300  queue.o(.text)
    xQueueCreateMutex                        0x00003055   Thumb Code    34  queue.o(.text)
    xQueueCreateMutexStatic                  0x00003077   Thumb Code    42  queue.o(.text)
    xQueueGetMutexHolder                     0x000030a1   Thumb Code    26  queue.o(.text)
    xQueueGetMutexHolderFromISR              0x000030bb   Thumb Code    14  queue.o(.text)
    xQueueGiveMutexRecursive                 0x000030c9   Thumb Code    64  queue.o(.text)
    xQueueSemaphoreTake                      0x00003137   Thumb Code   324  queue.o(.text)
    xQueueTakeMutexRecursive                 0x0000327b   Thumb Code    68  queue.o(.text)
    xQueueCreateCountingSemaphoreStatic      0x000032bf   Thumb Code    46  queue.o(.text)
    xQueueCreateCountingSemaphore            0x000032ed   Thumb Code    38  queue.o(.text)
    xQueueGenericSendFromISR                 0x00003313   Thumb Code   146  queue.o(.text)
    xQueueGiveFromISR                        0x000033a5   Thumb Code   132  queue.o(.text)
    xQueueReceive                            0x00003453   Thumb Code   286  queue.o(.text)
    xQueuePeek                               0x00003571   Thumb Code   280  queue.o(.text)
    xQueueReceiveFromISR                     0x00003689   Thumb Code   142  queue.o(.text)
    xQueuePeekFromISR                        0x00003717   Thumb Code    86  queue.o(.text)
    uxQueueMessagesWaiting                   0x0000376d   Thumb Code    18  queue.o(.text)
    uxQueueSpacesAvailable                   0x0000377f   Thumb Code    24  queue.o(.text)
    uxQueueMessagesWaitingFromISR            0x00003797   Thumb Code     6  queue.o(.text)
    vQueueDelete                             0x0000379d   Thumb Code    26  queue.o(.text)
    uxQueueGetQueueNumber                    0x000037b7   Thumb Code     6  queue.o(.text)
    vQueueSetQueueNumber                     0x000037bd   Thumb Code     4  queue.o(.text)
    ucQueueGetQueueType                      0x000037c1   Thumb Code     8  queue.o(.text)
    xQueueIsQueueEmptyFromISR                0x000037c9   Thumb Code    14  queue.o(.text)
    xQueueIsQueueFullFromISR                 0x000037d7   Thumb Code    18  queue.o(.text)
    vQueueWaitForMessageRestricted           0x000037e9   Thumb Code    74  queue.o(.text)
    xTaskCreateStatic                        0x000039bb   Thumb Code    78  tasks.o(.text)
    xTaskCreate                              0x00003a09   Thumb Code   100  tasks.o(.text)
    vTaskDelete                              0x00003abf   Thumb Code   138  tasks.o(.text)
    xTaskIncrementTick                       0x00003b49   Thumb Code   336  tasks.o(.text)
    xTaskResumeAll                           0x00003c99   Thumb Code   206  tasks.o(.text)
    vTaskSuspendAll                          0x00003dcb   Thumb Code    12  tasks.o(.text)
    vTaskDelayUntil                          0x00003dd7   Thumb Code   112  tasks.o(.text)
    vTaskDelay                               0x00003e47   Thumb Code    52  tasks.o(.text)
    eTaskGetState                            0x00003e7b   Thumb Code    88  tasks.o(.text)
    uxTaskPriorityGet                        0x00003ed3   Thumb Code    30  tasks.o(.text)
    uxTaskPriorityGetFromISR                 0x00003ef1   Thumb Code    52  tasks.o(.text)
    vTaskPrioritySet                         0x00003f25   Thumb Code   226  tasks.o(.text)
    vTaskSwitchContext                       0x00004007   Thumb Code   230  tasks.o(.text)
    vTaskSuspend                             0x000040ed   Thumb Code   146  tasks.o(.text)
    vTaskResume                              0x000041b7   Thumb Code   122  tasks.o(.text)
    xTaskResumeFromISR                       0x00004231   Thumb Code   146  tasks.o(.text)
    vTaskStartScheduler                      0x0000431f   Thumb Code   120  tasks.o(.text)
    vTaskEndScheduler                        0x00004397   Thumb Code    32  tasks.o(.text)
    xTaskGetTickCount                        0x000043b7   Thumb Code     6  tasks.o(.text)
    xTaskGetTickCountFromISR                 0x000043bd   Thumb Code     8  tasks.o(.text)
    uxTaskGetNumberOfTasks                   0x000043c5   Thumb Code     6  tasks.o(.text)
    pcTaskGetName                            0x000043cb   Thumb Code    20  tasks.o(.text)
    vTaskGetInfo                             0x000043f5   Thumb Code   126  tasks.o(.text)
    uxTaskGetSystemState                     0x00004525   Thumb Code   152  tasks.o(.text)
    vTaskPlaceOnEventList                    0x000045bd   Thumb Code    28  tasks.o(.text)
    vTaskPlaceOnUnorderedEventList           0x000045d9   Thumb Code    40  tasks.o(.text)
    vTaskPlaceOnEventListRestricted          0x00004601   Thumb Code    46  tasks.o(.text)
    xTaskRemoveFromEventList                 0x0000462f   Thumb Code   114  tasks.o(.text)
    vTaskRemoveFromUnorderedEventList        0x000046a1   Thumb Code    92  tasks.o(.text)
    vTaskSetTimeOutState                     0x000046fd   Thumb Code    26  tasks.o(.text)
    vTaskInternalSetTimeOutState             0x00004717   Thumb Code    14  tasks.o(.text)
    xTaskCheckForTimeOut                     0x00004725   Thumb Code    84  tasks.o(.text)
    vTaskMissedYield                         0x00004779   Thumb Code     8  tasks.o(.text)
    uxTaskGetTaskNumber                      0x00004781   Thumb Code    14  tasks.o(.text)
    vTaskSetTaskNumber                       0x0000478f   Thumb Code     8  tasks.o(.text)
    uxTaskGetStackHighWaterMark              0x00004797   Thumb Code    34  tasks.o(.text)
    xTaskGetCurrentTaskHandle                0x000047b9   Thumb Code     6  tasks.o(.text)
    xTaskGetSchedulerState                   0x000047bf   Thumb Code    24  tasks.o(.text)
    xTaskPriorityInherit                     0x000047d7   Thumb Code   174  tasks.o(.text)
    xTaskPriorityDisinherit                  0x00004885   Thumb Code   106  tasks.o(.text)
    vTaskPriorityDisinheritAfterTimeout      0x000048ef   Thumb Code   208  tasks.o(.text)
    uxTaskResetEventItemValue                0x000049bf   Thumb Code    24  tasks.o(.text)
    pvTaskIncrementMutexHeldCount            0x000049d7   Thumb Code    26  tasks.o(.text)
    ulTaskNotifyTake                         0x000049f1   Thumb Code   124  tasks.o(.text)
    xTaskNotifyWait                          0x00004a6d   Thumb Code   166  tasks.o(.text)
    xTaskGenericNotify                       0x00004b13   Thumb Code   200  tasks.o(.text)
    xTaskGenericNotifyFromISR                0x00004bdb   Thumb Code   250  tasks.o(.text)
    vTaskNotifyGiveFromISR                   0x00004cd5   Thumb Code   202  tasks.o(.text)
    xTaskNotifyStateClear                    0x00004d9f   Thumb Code    48  tasks.o(.text)
    xTimerGenericCommand                     0x00004e2d   Thumb Code   116  timers.o(.text)
    xTimerCreateTimerTask                    0x00005155   Thumb Code    76  timers.o(.text)
    xTimerCreate                             0x000051d5   Thumb Code   108  timers.o(.text)
    xTimerCreateStatic                       0x00005241   Thumb Code    48  timers.o(.text)
    xTimerGetTimerDaemonTaskHandle           0x00005271   Thumb Code     6  timers.o(.text)
    xTimerGetPeriod                          0x00005277   Thumb Code     8  timers.o(.text)
    xTimerGetExpiryTime                      0x0000527f   Thumb Code     8  timers.o(.text)
    pcTimerGetName                           0x00005287   Thumb Code     8  timers.o(.text)
    xTimerIsTimerActive                      0x0000528f   Thumb Code    32  timers.o(.text)
    pvTimerGetTimerID                        0x000052af   Thumb Code    20  timers.o(.text)
    vTimerSetTimerID                         0x000052c3   Thumb Code    20  timers.o(.text)
    xTimerPendFunctionCallFromISR            0x000052d7   Thumb Code    62  timers.o(.text)
    xTimerPendFunctionCall                   0x00005315   Thumb Code    62  timers.o(.text)
    uxTimerGetTimerNumber                    0x00005353   Thumb Code     6  timers.o(.text)
    vTimerSetTimerNumber                     0x00005359   Thumb Code     4  timers.o(.text)
    __aeabi_memcpy                           0x00005365   Thumb Code    36  memcpya.o(.text)
    __aeabi_memcpy4                          0x00005365   Thumb Code     0  memcpya.o(.text)
    __aeabi_memcpy8                          0x00005365   Thumb Code     0  memcpya.o(.text)
    __aeabi_memset                           0x00005389   Thumb Code    14  memseta.o(.text)
    __aeabi_memset4                          0x00005389   Thumb Code     0  memseta.o(.text)
    __aeabi_memset8                          0x00005389   Thumb Code     0  memseta.o(.text)
    __aeabi_memclr                           0x00005397   Thumb Code     4  memseta.o(.text)
    __aeabi_memclr4                          0x00005397   Thumb Code     0  memseta.o(.text)
    __aeabi_memclr8                          0x00005397   Thumb Code     0  memseta.o(.text)
    _memset$wrapper                          0x0000539b   Thumb Code    18  memseta.o(.text)
    __scatterload                            0x000053ad   Thumb Code    28  init.o(.text)
    __scatterload_rt2                        0x000053ad   Thumb Code     0  init.o(.text)
    __scatterload_copy                       0x000053d1   Thumb Code    14  handlers.o(i.__scatterload_copy)
    __scatterload_null                       0x000053df   Thumb Code     2  handlers.o(i.__scatterload_null)
    __scatterload_zeroinit                   0x000053e1   Thumb Code    14  handlers.o(i.__scatterload_zeroinit)
    EventRecorderInfo                        0x000053f0   Data          24  eventrecorder.o(.constdata)
    Region$$Table$$Base                      0x00005408   Number         0  anon$$obj.o(Region$$Table)
    Region$$Table$$Limit                     0x00005428   Number         0  anon$$obj.o(Region$$Table)
    tid_phaseA                               0x20000000   Data           4  blinky.o(.data)
    tid_phaseB                               0x20000004   Data           4  blinky.o(.data)
    tid_phaseC                               0x20000008   Data           4  blinky.o(.data)
    tid_phaseD                               0x2000000c   Data           4  blinky.o(.data)
    tid_clock                                0x20000010   Data           4  blinky.o(.data)
    SystemCoreClock                          0x2000001c   Data           4  system_armcm3.o(.data)
    pxCurrentTCB                             0x2000003c   Data           4  tasks.o(.data)
    g_phases                                 0x2000008c   Data          16  blinky.o(.bss)
    __initial_sp                             0x200032e8   Data           0  startup_armcm3.o(STACK)



==============================================================================

Memory Map of the image

  Image Entry point : 0x000000c1

  Load Region LR_IROM1 (Base: 0x00000000, Size: 0x000054b4, Max: 0x00040000, ABSOLUTE)

    Execution Region ER_IROM1 (Exec base: 0x00000000, Load base: 0x00000000, Size: 0x00005428, Max: 0x00040000, ABSOLUTE)

    Exec Addr    Load Addr    Size         Type   Attr      Idx    E Section Name        Object

    0x00000000   0x00000000   0x000000c0   Data   RO          248    RESET               startup_armcm3.o
    0x000000c0   0x000000c0   0x00000000   Code   RO          564  * .ARM.Collect$$$$00000000  mc_w.l(entry.o)
    0x000000c0   0x000000c0   0x00000004   Code   RO          573    .ARM.Collect$$$$00000001  mc_w.l(entry2.o)
    0x000000c4   0x000000c4   0x00000004   Code   RO          576    .ARM.Collect$$$$00000004  mc_w.l(entry5.o)
    0x000000c8   0x000000c8   0x00000000   Code   RO          578    .ARM.Collect$$$$00000008  mc_w.l(entry7b.o)
    0x000000c8   0x000000c8   0x00000000   Code   RO          580    .ARM.Collect$$$$0000000A  mc_w.l(entry8b.o)
    0x000000c8   0x000000c8   0x00000008   Code   RO          581    .ARM.Collect$$$$0000000B  mc_w.l(entry9a.o)
    0x000000d0   0x000000d0   0x00000000   Code   RO          583    .ARM.Collect$$$$0000000D  mc_w.l(entry10a.o)
    0x000000d0   0x000000d0   0x00000000   Code   RO          585    .ARM.Collect$$$$0000000F  mc_w.l(entry11a.o)
    0x000000d0   0x000000d0   0x00000004   Code   RO          574    .ARM.Collect$$$$00002712  mc_w.l(entry2.o)
    0x000000d4   0x000000d4   0x00000096   Code   RO          434    .emb_text           port.o
    0x0000016a   0x0000016a   0x00000002   PAD
    0x0000016c   0x0000016c   0x00000190   Code   RO            4    .text               blinky.o
    0x000002fc   0x000002fc   0x000014e0   Code   RO          104    .text               cmsis_os2.o
    0x000017dc   0x000017dc   0x000000fc   Code   RO          185    .text               os_systick.o
    0x000018d8   0x000018d8   0x000005f8   Code   RO          215    .text               eventrecorder.o
    0x00001ed0   0x00001ed0   0x00000024   Code   RO          249    .text               startup_armcm3.o
    0x00001ef4   0x00001ef4   0x00000028   Code   RO          256    .text               system_armcm3.o
    0x00001f1c   0x00001f1c   0x00000680   Code   RO          287    .text               freertos_evr.o
    0x0000259c   0x0000259c   0x000003a0   Code   RO          329    .text               event_groups.o
    0x0000293c   0x0000293c   0x00000094   Code   RO          380    .text               list.o
    0x000029d0   0x000029d0   0x000001f4   Code   RO          407    .text               heap_4.o
    0x00002bc4   0x00002bc4   0x00000100   Code   RO          435    .text               port.o
    0x00002cc4   0x00002cc4   0x00000b74   Code   RO          482    .text               queue.o
    0x00003838   0x00003838   0x000015a4   Code   RO          506    .text               tasks.o
    0x00004ddc   0x00004ddc   0x00000588   Code   RO          540    .text               timers.o
    0x00005364   0x00005364   0x00000024   Code   RO          567    .text               mc_w.l(memcpya.o)
    0x00005388   0x00005388   0x00000024   Code   RO          569    .text               mc_w.l(memseta.o)
    0x000053ac   0x000053ac   0x00000024   Code   RO          587    .text               mc_w.l(init.o)
    0x000053d0   0x000053d0   0x0000000e   Code   RO          591    i.__scatterload_copy  mc_w.l(handlers.o)
    0x000053de   0x000053de   0x00000002   Code   RO          592    i.__scatterload_null  mc_w.l(handlers.o)
    0x000053e0   0x000053e0   0x0000000e   Code   RO          593    i.__scatterload_zeroinit  mc_w.l(handlers.o)
    0x000053ee   0x000053ee   0x00000002   PAD
    0x000053f0   0x000053f0   0x00000018   Data   RO          217    .constdata          eventrecorder.o
    0x00005408   0x00005408   0x00000020   Data   RO          589    Region$$Table       anon$$obj.o


    Execution Region RW_IRAM1 (Exec base: 0x20000000, Load base: 0x00005428, Size: 0x000032e8, Max: 0x00020000, ABSOLUTE)

    Exec Addr    Load Addr    Size         Type   Attr      Idx    E Section Name        Object

    0x20000000   0x00005428   0x00000014   Data   RW            6    .data               blinky.o
    0x20000014   0x0000543c   0x00000004   Data   RW          106    .data               cmsis_os2.o
    0x20000018   0x00005440   0x00000001   Data   RW          186    .data               os_systick.o
    0x20000019   0x00005441   0x00000003   PAD
    0x2000001c   0x00005444   0x00000004   Data   RW          257    .data               system_armcm3.o
    0x20000020   0x00005448   0x00000018   Data   RW          409    .data               heap_4.o
    0x20000038   0x00005460   0x00000004   Data   RW          436    .data               port.o
    0x2000003c   0x00005464   0x0000003c   Data   RW          508    .data               tasks.o
    0x20000078   0x000054a0   0x00000014   Data   RW          542    .data               timers.o
    0x2000008c        -       0x00000010   Zero   RW            5    .bss                blinky.o
    0x2000009c        -       0x000003f8   Zero   RW          105    .bss                cmsis_os2.o
    0x20000494        -       0x00002000   Zero   RW          408    .bss                heap_4.o
    0x20002494        -       0x000004c4   Zero   RW          507    .bss                tasks.o
    0x20002958        -       0x000000c8   Zero   RW          541    .bss                timers.o
    0x20002a20   0x000054b4   0x00000020   PAD
    0x20002a40        -       0x000004a4   Zero   RW          216    .bss.noinit         eventrecorder.o
    0x20002ee4   0x000054b4   0x00000004   PAD
    0x20002ee8        -       0x00000400   Zero   RW          246    STACK               startup_armcm3.o


==============================================================================

Image component sizes


      Code (inc. data)   RO Data    RW Data    ZI Data      Debug   Object Name

       400         24          0         20         16      13643   blinky.o
         0          0          0          0          0       3680   clib_arm.o
      5344         96          0          4       1016      50623   cmsis_os2.o
       928          4          0          0          0      21269   event_groups.o
      1528         40         24          0       1188      14203   eventrecorder.o
      1664         32          0          0          0      28795   freertos_evr.o
       500         24          0         24       8192       3316   heap_4.o
       148          0          0          0          0       6446   list.o
       252         16          0          1          0      28827   os_systick.o
       406         30          0          4          0       6768   port.o
      2932         16          0          0          0      16725   queue.o
        36          8        192          0       1024        800   startup_armcm3.o
        40         18          0          4          0        809   system_armcm3.o
      5540        316          0         60       1220      29937   tasks.o
      1416         70          0         20        200      10146   timers.o

    ----------------------------------------------------------------------
     21136        694        248        140      12892     235987   Object Totals
         0          0         32          0          0          0   (incl. Generated)
         2          0          0          3         36          0   (incl. Padding)

    ----------------------------------------------------------------------

      Code (inc. data)   RO Data    RW Data    ZI Data      Debug   Library Member Name

         0          0          0          0          0          0   entry.o
         0          0          0          0          0          0   entry10a.o
         0          0          0          0          0          0   entry11a.o
         8          4          0          0          0          0   entry2.o
         4          0          0          0          0          0   entry5.o
         0          0          0          0          0          0   entry7b.o
         0          0          0          0          0          0   entry8b.o
         8          4          0          0          0          0   entry9a.o
        30          0          0          0          0          0   handlers.o
        36          8          0          0          0         68   init.o
        36          0          0          0          0         68   memcpya.o
        36          0          0          0          0        108   memseta.o

    ----------------------------------------------------------------------
       160         16          0          0          0        244   Library Totals
         2          0          0          0          0          0   (incl. Padding)

    ----------------------------------------------------------------------

      Code (inc. data)   RO Data    RW Data    ZI Data      Debug   Library Name

       158         16          0          0          0        244   mc_w.l

    ----------------------------------------------------------------------
       160         16          0          0          0        244   Library Totals

    ----------------------------------------------------------------------

==============================================================================


      Code (inc. data)   RO Data    RW Data    ZI Data      Debug   

     21296        710        248        140      12892     234979   Grand Totals
     21296        710        248        140      12892     234979   ELF Image Totals
     21296        710        248        140          0          0   ROM Totals

==============================================================================

    Total RO  Size (Code + RO Data)                21544 (  21.04kB)
    Total RW  Size (RW Data + ZI Data)             13032 (  12.73kB)
    Total ROM Size (Code + RO Data + RW Data)      21684 (  21.18kB)

==============================================================================

